# serializer version: 1
# name: test_RepeReadingControl_build_steering_vector_training_data_picks_one_neg_by_default
  list([
    SteeringVectorTrainingSample(
      negative_prompt='''
        <s> Input:  Paris is in 
        Output: Germany
      ''',
      positive_prompt='''
        <s> Input:  Paris is in 
        Output: France
      ''',
    ),
    SteeringVectorTrainingSample(
      negative_prompt='''
        <s> Input:  1 + 1 = 
        Output: 11
      ''',
      positive_prompt='''
        <s> Input:  1 + 1 = 
        Output: 2
      ''',
    ),
  ])
# ---
